
> vite_react_shadcn_ts@0.0.0 build
> vite build

[36mvite v5.4.19 [32mbuilding for production...[36m[39m
transforming...
Browserslist: browsers data (caniuse-lite) is 11 months old. Please run:
  npx update-browserslist-db@latest
  Why you should do it regularly: https://github.com/browserslist/update-db#readme
[32mÔ£ô[39m 1692 modules transformed.
rendering chunks...
computing gzip size...
[2mdist/[22m[32mindex.html                                   [39m[1m[2m  2.26 kB[22m[1m[22m[2m Ôöé gzip:   0.82 kB[22m
[2mdist/[22m[32massets/veridex-logo-main-paper-Cxu1iiUW.png  [39m[1m[2m 76.01 kB[22m[1m[22m
[2mdist/[22m[35massets/index-BnaMnHbK.css                    [39m[1m[2m 76.35 kB[22m[1m[22m[2m Ôöé gzip:  13.30 kB[22m
[2mdist/[22m[36massets/index-B96E2BDv.js                     [39m[1m[2m441.42 kB[22m[1m[22m[2m Ôöé gzip: 135.40 kB[22m
[32mÔ£ô built in 2.00s[39m
